Archive member included to satisfy reference by file (symbol)

e:/embedded_softwares/gnu_arm-eclipse/install/6 2017-q1-update/bin/../lib/gcc/arm-none-eabi/6.3.1/../../../../arm-none-eabi/lib/thumb/v7-m\libg_nano.a(lib_a-errno.o)
                              ./system/src/newlib/_sbrk.o (__errno)
e:/embedded_softwares/gnu_arm-eclipse/install/6 2017-q1-update/bin/../lib/gcc/arm-none-eabi/6.3.1/../../../../arm-none-eabi/lib/thumb/v7-m\libg_nano.a(lib_a-impure.o)
                              e:/embedded_softwares/gnu_arm-eclipse/install/6 2017-q1-update/bin/../lib/gcc/arm-none-eabi/6.3.1/../../../../arm-none-eabi/lib/thumb/v7-m\libg_nano.a(lib_a-errno.o) (_impure_ptr)

Allocating common symbols
Common symbol       size              file

errno               0x4               ./system/src/newlib/_syscalls.o

Discarded input sections

 .text          0x00000000        0x0 ./system/src/stm32f1-stdperiph/misc.o
 .data          0x00000000        0x0 ./system/src/stm32f1-stdperiph/misc.o
 .bss           0x00000000        0x0 ./system/src/stm32f1-stdperiph/misc.o
 .text.NVIC_PriorityGroupConfig
                0x00000000       0x14 ./system/src/stm32f1-stdperiph/misc.o
 .text.NVIC_Init
                0x00000000       0x5c ./system/src/stm32f1-stdperiph/misc.o
 .text.NVIC_SetVectorTable
                0x00000000       0x14 ./system/src/stm32f1-stdperiph/misc.o
 .text.NVIC_SystemLPConfig
                0x00000000       0x18 ./system/src/stm32f1-stdperiph/misc.o
 .text.SysTick_CLKSourceConfig
                0x00000000       0x18 ./system/src/stm32f1-stdperiph/misc.o
 .debug_info    0x00000000      0x530 ./system/src/stm32f1-stdperiph/misc.o
 .debug_abbrev  0x00000000      0x181 ./system/src/stm32f1-stdperiph/misc.o
 .debug_loc     0x00000000      0x16c ./system/src/stm32f1-stdperiph/misc.o
 .debug_aranges
                0x00000000       0x40 ./system/src/stm32f1-stdperiph/misc.o
 .debug_ranges  0x00000000       0x30 ./system/src/stm32f1-stdperiph/misc.o
 .debug_line    0x00000000      0x1a7 ./system/src/stm32f1-stdperiph/misc.o
 .debug_str     0x00000000      0x445 ./system/src/stm32f1-stdperiph/misc.o
 .comment       0x00000000       0x80 ./system/src/stm32f1-stdperiph/misc.o
 .debug_frame   0x00000000       0x68 ./system/src/stm32f1-stdperiph/misc.o
 .ARM.attributes
                0x00000000       0x33 ./system/src/stm32f1-stdperiph/misc.o
 .text          0x00000000        0x0 ./system/src/stm32f1-stdperiph/stm32f10x_gpio.o
 .data          0x00000000        0x0 ./system/src/stm32f1-stdperiph/stm32f10x_gpio.o
 .bss           0x00000000        0x0 ./system/src/stm32f1-stdperiph/stm32f10x_gpio.o
 .text.GPIO_DeInit
                0x00000000       0xb8 ./system/src/stm32f1-stdperiph/stm32f10x_gpio.o
 .text.GPIO_AFIODeInit
                0x00000000       0x16 ./system/src/stm32f1-stdperiph/stm32f10x_gpio.o
 .text.GPIO_StructInit
                0x00000000       0x10 ./system/src/stm32f1-stdperiph/stm32f10x_gpio.o
 .text.GPIO_ReadInputDataBit
                0x00000000        0xc ./system/src/stm32f1-stdperiph/stm32f10x_gpio.o
 .text.GPIO_ReadInputData
                0x00000000        0x6 ./system/src/stm32f1-stdperiph/stm32f10x_gpio.o
 .text.GPIO_ReadOutputDataBit
                0x00000000        0xc ./system/src/stm32f1-stdperiph/stm32f10x_gpio.o
 .text.GPIO_ReadOutputData
                0x00000000        0x6 ./system/src/stm32f1-stdperiph/stm32f10x_gpio.o
 .text.GPIO_WriteBit
                0x00000000        0xa ./system/src/stm32f1-stdperiph/stm32f10x_gpio.o
 .text.GPIO_Write
                0x00000000        0x4 ./system/src/stm32f1-stdperiph/stm32f10x_gpio.o
 .text.GPIO_PinLockConfig
                0x00000000       0x10 ./system/src/stm32f1-stdperiph/stm32f10x_gpio.o
 .text.GPIO_EventOutputConfig
                0x00000000       0x1c ./system/src/stm32f1-stdperiph/stm32f10x_gpio.o
 .text.GPIO_EventOutputCmd
                0x00000000        0xc ./system/src/stm32f1-stdperiph/stm32f10x_gpio.o
 .text.GPIO_PinRemapConfig
                0x00000000       0x60 ./system/src/stm32f1-stdperiph/stm32f10x_gpio.o
 .text.GPIO_EXTILineConfig
                0x00000000       0x2a ./system/src/stm32f1-stdperiph/stm32f10x_gpio.o
 .text.GPIO_ETH_MediaInterfaceConfig
                0x00000000        0xc ./system/src/stm32f1-stdperiph/stm32f10x_gpio.o
 .text          0x00000000        0x0 ./system/src/stm32f1-stdperiph/stm32f10x_rcc.o
 .data          0x00000000        0x0 ./system/src/stm32f1-stdperiph/stm32f10x_rcc.o
 .bss           0x00000000        0x0 ./system/src/stm32f1-stdperiph/stm32f10x_rcc.o
 .text.RCC_DeInit
                0x00000000       0x40 ./system/src/stm32f1-stdperiph/stm32f10x_rcc.o
 .text.RCC_HSEConfig
                0x00000000       0x38 ./system/src/stm32f1-stdperiph/stm32f10x_rcc.o
 .text.RCC_AdjustHSICalibrationValue
                0x00000000       0x14 ./system/src/stm32f1-stdperiph/stm32f10x_rcc.o
 .text.RCC_HSICmd
                0x00000000        0xc ./system/src/stm32f1-stdperiph/stm32f10x_rcc.o
 .text.RCC_PLLConfig
                0x00000000       0x14 ./system/src/stm32f1-stdperiph/stm32f10x_rcc.o
 .text.RCC_PLLCmd
                0x00000000        0xc ./system/src/stm32f1-stdperiph/stm32f10x_rcc.o
 .text.RCC_SYSCLKConfig
                0x00000000       0x14 ./system/src/stm32f1-stdperiph/stm32f10x_rcc.o
 .text.RCC_GetSYSCLKSource
                0x00000000       0x10 ./system/src/stm32f1-stdperiph/stm32f10x_rcc.o
 .text.RCC_HCLKConfig
                0x00000000       0x14 ./system/src/stm32f1-stdperiph/stm32f10x_rcc.o
 .text.RCC_PCLK1Config
                0x00000000       0x14 ./system/src/stm32f1-stdperiph/stm32f10x_rcc.o
 .text.RCC_PCLK2Config
                0x00000000       0x14 ./system/src/stm32f1-stdperiph/stm32f10x_rcc.o
 .text.RCC_ITConfig
                0x00000000       0x18 ./system/src/stm32f1-stdperiph/stm32f10x_rcc.o
 .text.RCC_USBCLKConfig
                0x00000000        0xc ./system/src/stm32f1-stdperiph/stm32f10x_rcc.o
 .text.RCC_ADCCLKConfig
                0x00000000       0x14 ./system/src/stm32f1-stdperiph/stm32f10x_rcc.o
 .text.RCC_LSEConfig
                0x00000000       0x20 ./system/src/stm32f1-stdperiph/stm32f10x_rcc.o
 .text.RCC_LSICmd
                0x00000000        0xc ./system/src/stm32f1-stdperiph/stm32f10x_rcc.o
 .text.RCC_RTCCLKConfig
                0x00000000       0x10 ./system/src/stm32f1-stdperiph/stm32f10x_rcc.o
 .text.RCC_RTCCLKCmd
                0x00000000        0xc ./system/src/stm32f1-stdperiph/stm32f10x_rcc.o
 .text.RCC_GetClocksFreq
                0x00000000       0x94 ./system/src/stm32f1-stdperiph/stm32f10x_rcc.o
 .text.RCC_AHBPeriphClockCmd
                0x00000000       0x18 ./system/src/stm32f1-stdperiph/stm32f10x_rcc.o
 .text.RCC_APB1PeriphClockCmd
                0x00000000       0x18 ./system/src/stm32f1-stdperiph/stm32f10x_rcc.o
 .text.RCC_APB2PeriphResetCmd
                0x00000000       0x18 ./system/src/stm32f1-stdperiph/stm32f10x_rcc.o
 .text.RCC_APB1PeriphResetCmd
                0x00000000       0x18 ./system/src/stm32f1-stdperiph/stm32f10x_rcc.o
 .text.RCC_BackupResetCmd
                0x00000000        0xc ./system/src/stm32f1-stdperiph/stm32f10x_rcc.o
 .text.RCC_ClockSecuritySystemCmd
                0x00000000        0xc ./system/src/stm32f1-stdperiph/stm32f10x_rcc.o
 .text.RCC_MCOConfig
                0x00000000        0xc ./system/src/stm32f1-stdperiph/stm32f10x_rcc.o
 .text.RCC_GetFlagStatus
                0x00000000       0x28 ./system/src/stm32f1-stdperiph/stm32f10x_rcc.o
 .text.RCC_WaitForHSEStartUp
                0x00000000       0x30 ./system/src/stm32f1-stdperiph/stm32f10x_rcc.o
 .text.RCC_ClearFlag
                0x00000000       0x10 ./system/src/stm32f1-stdperiph/stm32f10x_rcc.o
 .text.RCC_GetITStatus
                0x00000000       0x14 ./system/src/stm32f1-stdperiph/stm32f10x_rcc.o
 .text.RCC_ClearITPendingBit
                0x00000000        0xc ./system/src/stm32f1-stdperiph/stm32f10x_rcc.o
 .data.ADCPrescTable
                0x00000000        0x4 ./system/src/stm32f1-stdperiph/stm32f10x_rcc.o
 .data.APBAHBPrescTable
                0x00000000       0x10 ./system/src/stm32f1-stdperiph/stm32f10x_rcc.o
 .text          0x00000000        0x0 ./system/src/newlib/_cxx.o
 .data          0x00000000        0x0 ./system/src/newlib/_cxx.o
 .bss           0x00000000        0x0 ./system/src/newlib/_cxx.o
 .text._ZN9__gnu_cxx27__verbose_terminate_handlerEv
                0x00000000        0x6 ./system/src/newlib/_cxx.o
 .text.__cxa_pure_virtual
                0x00000000        0x6 ./system/src/newlib/_cxx.o
 .debug_info    0x00000000      0xf9b ./system/src/newlib/_cxx.o
 .debug_abbrev  0x00000000      0x2fe ./system/src/newlib/_cxx.o
 .debug_aranges
                0x00000000       0x20 ./system/src/newlib/_cxx.o
 .debug_ranges  0x00000000       0x10 ./system/src/newlib/_cxx.o
 .debug_line    0x00000000      0x2cb ./system/src/newlib/_cxx.o
 .debug_str     0x00000000      0x837 ./system/src/newlib/_cxx.o
 .comment       0x00000000       0x80 ./system/src/newlib/_cxx.o
 .debug_frame   0x00000000       0x40 ./system/src/newlib/_cxx.o
 .ARM.attributes
                0x00000000       0x33 ./system/src/newlib/_cxx.o
 .text          0x00000000        0x0 ./system/src/newlib/_exit.o
 .data          0x00000000        0x0 ./system/src/newlib/_exit.o
 .bss           0x00000000        0x0 ./system/src/newlib/_exit.o
 .text.abort    0x00000000        0x8 ./system/src/newlib/_exit.o
 .text          0x00000000        0x0 ./system/src/newlib/_sbrk.o
 .data          0x00000000        0x0 ./system/src/newlib/_sbrk.o
 .bss           0x00000000        0x0 ./system/src/newlib/_sbrk.o
 .text._sbrk    0x00000000       0x3c ./system/src/newlib/_sbrk.o
 .bss.current_heap_end.3947
                0x00000000        0x4 ./system/src/newlib/_sbrk.o
 .debug_info    0x00000000      0x945 ./system/src/newlib/_sbrk.o
 .debug_abbrev  0x00000000      0x1f9 ./system/src/newlib/_sbrk.o
 .debug_loc     0x00000000       0x6a ./system/src/newlib/_sbrk.o
 .debug_aranges
                0x00000000       0x20 ./system/src/newlib/_sbrk.o
 .debug_ranges  0x00000000       0x10 ./system/src/newlib/_sbrk.o
 .debug_line    0x00000000      0x15e ./system/src/newlib/_sbrk.o
 .debug_str     0x00000000      0x623 ./system/src/newlib/_sbrk.o
 .comment       0x00000000       0x80 ./system/src/newlib/_sbrk.o
 .debug_frame   0x00000000       0x28 ./system/src/newlib/_sbrk.o
 .ARM.attributes
                0x00000000       0x33 ./system/src/newlib/_sbrk.o
 .text          0x00000000        0x0 ./system/src/newlib/_startup.o
 .data          0x00000000        0x0 ./system/src/newlib/_startup.o
 .bss           0x00000000        0x0 ./system/src/newlib/_startup.o
 .text.__initialize_data
                0x00000000       0x10 ./system/src/newlib/_startup.o
 .text.__initialize_bss
                0x00000000        0xe ./system/src/newlib/_startup.o
 .text.__run_init_array
                0x00000000       0x44 ./system/src/newlib/_startup.o
 .text.__run_fini_array
                0x00000000       0x24 ./system/src/newlib/_startup.o
 .text          0x00000000        0x0 ./system/src/newlib/_syscalls.o
 .data          0x00000000        0x0 ./system/src/newlib/_syscalls.o
 .bss           0x00000000        0x0 ./system/src/newlib/_syscalls.o
 .text.raise    0x00000000       0x10 ./system/src/newlib/_syscalls.o
 .text.kill     0x00000000       0x10 ./system/src/newlib/_syscalls.o
 .bss.__dso_handle
                0x00000000        0x4 ./system/src/newlib/_syscalls.o
 COMMON         0x00000000        0x4 ./system/src/newlib/_syscalls.o
 .text          0x00000000        0x0 ./system/src/newlib/assert.o
 .data          0x00000000        0x0 ./system/src/newlib/assert.o
 .bss           0x00000000        0x0 ./system/src/newlib/assert.o
 .text.__assert_func
                0x00000000        0x6 ./system/src/newlib/assert.o
 .debug_info    0x00000000      0x972 ./system/src/newlib/assert.o
 .debug_abbrev  0x00000000      0x1fe ./system/src/newlib/assert.o
 .debug_loc     0x00000000       0x84 ./system/src/newlib/assert.o
 .debug_aranges
                0x00000000       0x20 ./system/src/newlib/assert.o
 .debug_ranges  0x00000000       0x10 ./system/src/newlib/assert.o
 .debug_line    0x00000000      0x1d2 ./system/src/newlib/assert.o
 .debug_str     0x00000000      0x62c ./system/src/newlib/assert.o
 .comment       0x00000000       0x80 ./system/src/newlib/assert.o
 .debug_frame   0x00000000       0x28 ./system/src/newlib/assert.o
 .ARM.attributes
                0x00000000       0x33 ./system/src/newlib/assert.o
 .text          0x00000000        0x0 ./system/src/diag/Trace.o
 .data          0x00000000        0x0 ./system/src/diag/Trace.o
 .bss           0x00000000        0x0 ./system/src/diag/Trace.o
 .debug_line    0x00000000        0x0 ./system/src/diag/Trace.o
 .debug_str     0x00000000      0x136 ./system/src/diag/Trace.o
 .comment       0x00000000       0x80 ./system/src/diag/Trace.o
 .ARM.attributes
                0x00000000       0x33 ./system/src/diag/Trace.o
 .text          0x00000000        0x0 ./system/src/diag/trace_impl.o
 .data          0x00000000        0x0 ./system/src/diag/trace_impl.o
 .bss           0x00000000        0x0 ./system/src/diag/trace_impl.o
 .debug_line    0x00000000        0x0 ./system/src/diag/trace_impl.o
 .debug_str     0x00000000      0x13b ./system/src/diag/trace_impl.o
 .comment       0x00000000       0x80 ./system/src/diag/trace_impl.o
 .ARM.attributes
                0x00000000       0x33 ./system/src/diag/trace_impl.o
 .text          0x00000000        0x0 ./system/src/cortexm/_initialize_hardware.o
 .data          0x00000000        0x0 ./system/src/cortexm/_initialize_hardware.o
 .bss           0x00000000        0x0 ./system/src/cortexm/_initialize_hardware.o
 .text          0x00000000        0x0 ./system/src/cortexm/_reset_hardware.o
 .data          0x00000000        0x0 ./system/src/cortexm/_reset_hardware.o
 .bss           0x00000000        0x0 ./system/src/cortexm/_reset_hardware.o
 .text          0x00000000        0x0 ./system/src/cortexm/exception_handlers.o
 .data          0x00000000        0x0 ./system/src/cortexm/exception_handlers.o
 .bss           0x00000000        0x0 ./system/src/cortexm/exception_handlers.o
 .text          0x00000000        0x0 ./system/src/cmsis/system_stm32f10x.o
 .data          0x00000000        0x0 ./system/src/cmsis/system_stm32f10x.o
 .bss           0x00000000        0x0 ./system/src/cmsis/system_stm32f10x.o
 .text          0x00000000        0x0 ./system/src/cmsis/vectors_stm32f10x.o
 .data          0x00000000        0x0 ./system/src/cmsis/vectors_stm32f10x.o
 .bss           0x00000000        0x0 ./system/src/cmsis/vectors_stm32f10x.o
 .text          0x00000000        0x0 ./src/BlinkLed.o
 .data          0x00000000        0x0 ./src/BlinkLed.o
 .bss           0x00000000        0x0 ./src/BlinkLed.o
 .text          0x00000000        0x0 ./src/Timer.o
 .data          0x00000000        0x0 ./src/Timer.o
 .bss           0x00000000        0x0 ./src/Timer.o
 .text          0x00000000        0x0 ./src/_write.o
 .data          0x00000000        0x0 ./src/_write.o
 .bss           0x00000000        0x0 ./src/_write.o
 .debug_line    0x00000000        0x0 ./src/_write.o
 .debug_str     0x00000000      0x12b ./src/_write.o
 .comment       0x00000000       0x80 ./src/_write.o
 .ARM.attributes
                0x00000000       0x33 ./src/_write.o
 .text          0x00000000        0x0 ./src/main.o
 .data          0x00000000        0x0 ./src/main.o
 .bss           0x00000000        0x0 ./src/main.o
 .text          0x00000000        0x0 e:/embedded_softwares/gnu_arm-eclipse/install/6 2017-q1-update/bin/../lib/gcc/arm-none-eabi/6.3.1/../../../../arm-none-eabi/lib/thumb/v7-m\libg_nano.a(lib_a-errno.o)
 .data          0x00000000        0x0 e:/embedded_softwares/gnu_arm-eclipse/install/6 2017-q1-update/bin/../lib/gcc/arm-none-eabi/6.3.1/../../../../arm-none-eabi/lib/thumb/v7-m\libg_nano.a(lib_a-errno.o)
 .bss           0x00000000        0x0 e:/embedded_softwares/gnu_arm-eclipse/install/6 2017-q1-update/bin/../lib/gcc/arm-none-eabi/6.3.1/../../../../arm-none-eabi/lib/thumb/v7-m\libg_nano.a(lib_a-errno.o)
 .text.__errno  0x00000000        0xc e:/embedded_softwares/gnu_arm-eclipse/install/6 2017-q1-update/bin/../lib/gcc/arm-none-eabi/6.3.1/../../../../arm-none-eabi/lib/thumb/v7-m\libg_nano.a(lib_a-errno.o)
 .debug_frame   0x00000000       0x20 e:/embedded_softwares/gnu_arm-eclipse/install/6 2017-q1-update/bin/../lib/gcc/arm-none-eabi/6.3.1/../../../../arm-none-eabi/lib/thumb/v7-m\libg_nano.a(lib_a-errno.o)
 .ARM.attributes
                0x00000000       0x2d e:/embedded_softwares/gnu_arm-eclipse/install/6 2017-q1-update/bin/../lib/gcc/arm-none-eabi/6.3.1/../../../../arm-none-eabi/lib/thumb/v7-m\libg_nano.a(lib_a-errno.o)
 .text          0x00000000        0x0 e:/embedded_softwares/gnu_arm-eclipse/install/6 2017-q1-update/bin/../lib/gcc/arm-none-eabi/6.3.1/../../../../arm-none-eabi/lib/thumb/v7-m\libg_nano.a(lib_a-impure.o)
 .data          0x00000000        0x0 e:/embedded_softwares/gnu_arm-eclipse/install/6 2017-q1-update/bin/../lib/gcc/arm-none-eabi/6.3.1/../../../../arm-none-eabi/lib/thumb/v7-m\libg_nano.a(lib_a-impure.o)
 .bss           0x00000000        0x0 e:/embedded_softwares/gnu_arm-eclipse/install/6 2017-q1-update/bin/../lib/gcc/arm-none-eabi/6.3.1/../../../../arm-none-eabi/lib/thumb/v7-m\libg_nano.a(lib_a-impure.o)
 .data._impure_ptr
                0x00000000        0x4 e:/embedded_softwares/gnu_arm-eclipse/install/6 2017-q1-update/bin/../lib/gcc/arm-none-eabi/6.3.1/../../../../arm-none-eabi/lib/thumb/v7-m\libg_nano.a(lib_a-impure.o)
 .data.impure_data
                0x00000000       0x60 e:/embedded_softwares/gnu_arm-eclipse/install/6 2017-q1-update/bin/../lib/gcc/arm-none-eabi/6.3.1/../../../../arm-none-eabi/lib/thumb/v7-m\libg_nano.a(lib_a-impure.o)
 .rodata._global_impure_ptr
                0x00000000        0x4 e:/embedded_softwares/gnu_arm-eclipse/install/6 2017-q1-update/bin/../lib/gcc/arm-none-eabi/6.3.1/../../../../arm-none-eabi/lib/thumb/v7-m\libg_nano.a(lib_a-impure.o)
 .ARM.attributes
                0x00000000       0x2d e:/embedded_softwares/gnu_arm-eclipse/install/6 2017-q1-update/bin/../lib/gcc/arm-none-eabi/6.3.1/../../../../arm-none-eabi/lib/thumb/v7-m\libg_nano.a(lib_a-impure.o)

Memory Configuration

Name             Origin             Length             Attributes
RAM              0x20000000         0x00005000         xrw
CCMRAM           0x00000000         0x00000000         xrw
FLASH            0x08000000         0x00010000         xr
FLASHB1          0x00000000         0x00000000         xr
EXTMEMB0         0x00000000         0x00000000         xr
EXTMEMB1         0x00000000         0x00000000         xr
EXTMEMB2         0x00000000         0x00000000         xr
EXTMEMB3         0x00000000         0x00000000         xr
MEMORY_ARRAY     0x00000000         0x00000000         xrw
*default*        0x00000000         0xffffffff

Linker script and memory map

LOAD ./system/src/stm32f1-stdperiph/misc.o
LOAD ./system/src/stm32f1-stdperiph/stm32f10x_gpio.o
LOAD ./system/src/stm32f1-stdperiph/stm32f10x_rcc.o
LOAD ./system/src/newlib/_cxx.o
LOAD ./system/src/newlib/_exit.o
LOAD ./system/src/newlib/_sbrk.o
LOAD ./system/src/newlib/_startup.o
LOAD ./system/src/newlib/_syscalls.o
LOAD ./system/src/newlib/assert.o
LOAD ./system/src/diag/Trace.o
LOAD ./system/src/diag/trace_impl.o
LOAD ./system/src/cortexm/_initialize_hardware.o
LOAD ./system/src/cortexm/_reset_hardware.o
LOAD ./system/src/cortexm/exception_handlers.o
LOAD ./system/src/cmsis/system_stm32f10x.o
LOAD ./system/src/cmsis/vectors_stm32f10x.o
LOAD ./src/BlinkLed.o
LOAD ./src/Timer.o
LOAD ./src/_write.o
LOAD ./src/main.o
LOAD e:/embedded_softwares/gnu_arm-eclipse/install/6 2017-q1-update/bin/../lib/gcc/arm-none-eabi/6.3.1/../../../../arm-none-eabi/lib/thumb/v7-m\libstdc++_nano.a
LOAD e:/embedded_softwares/gnu_arm-eclipse/install/6 2017-q1-update/bin/../lib/gcc/arm-none-eabi/6.3.1/../../../../arm-none-eabi/lib/thumb/v7-m\libm.a
START GROUP
LOAD e:/embedded_softwares/gnu_arm-eclipse/install/6 2017-q1-update/bin/../lib/gcc/arm-none-eabi/6.3.1/thumb/v7-m\libgcc.a
LOAD e:/embedded_softwares/gnu_arm-eclipse/install/6 2017-q1-update/bin/../lib/gcc/arm-none-eabi/6.3.1/../../../../arm-none-eabi/lib/thumb/v7-m\libg_nano.a
LOAD e:/embedded_softwares/gnu_arm-eclipse/install/6 2017-q1-update/bin/../lib/gcc/arm-none-eabi/6.3.1/../../../../arm-none-eabi/lib/thumb/v7-m\libc_nano.a
END GROUP
START GROUP
LOAD e:/embedded_softwares/gnu_arm-eclipse/install/6 2017-q1-update/bin/../lib/gcc/arm-none-eabi/6.3.1/thumb/v7-m\libgcc.a
LOAD e:/embedded_softwares/gnu_arm-eclipse/install/6 2017-q1-update/bin/../lib/gcc/arm-none-eabi/6.3.1/../../../../arm-none-eabi/lib/thumb/v7-m\libc_nano.a
END GROUP
                0x20005000                __stack = (ORIGIN (RAM) + LENGTH (RAM))
                0x20005000                _estack = __stack
                0x00000400                __Main_Stack_Size = 0x400
                [!provide]                PROVIDE (_Main_Stack_Size, __Main_Stack_Size)
                0x20004c00                __Main_Stack_Limit = (__stack - __Main_Stack_Size)
                [!provide]                PROVIDE (_Main_Stack_Limit, __Main_Stack_Limit)
                0x00000100                _Minimum_Stack_Size = 0x100
                0x20000024                PROVIDE (_Heap_Begin, _end_noinit)
                0x20004c00                PROVIDE (_Heap_Limit, (__stack - __Main_Stack_Size))

.isr_vector     0x08000000      0x252
 FILL mask 0xff
                0x08000000                __vectors_start = ABSOLUTE (.)
                0x08000000                __vectors_start__ = ABSOLUTE (.)
 *(.isr_vector)
 .isr_vector    0x08000000      0x10c ./system/src/cmsis/vectors_stm32f10x.o
                0x08000000                __isr_vectors
 *(.cfmconfig)
 *(.after_vectors .after_vectors.*)
 .after_vectors
                0x0800010c       0xb8 ./system/src/newlib/_startup.o
                0x0800010c                _start
 .after_vectors
                0x080001c4       0x8c ./system/src/cortexm/exception_handlers.o
                0x080001c4                Reset_Handler
                0x080001c8                NMI_Handler
                0x080001ca                HardFault_Handler
                0x080001de                HardFault_Handler_C
                0x08000208                MemManage_Handler
                0x0800020a                BusFault_Handler
                0x0800021e                BusFault_Handler_C
                0x08000220                UsageFault_Handler
                0x08000234                UsageFault_Handler_C
                0x08000236                SVC_Handler
                0x08000238                DebugMon_Handler
                0x0800023a                PendSV_Handler
 .after_vectors
                0x08000250        0x2 ./system/src/cmsis/vectors_stm32f10x.o
                0x08000250                EXTI2_IRQHandler
                0x08000250                TIM8_TRG_COM_IRQHandler
                0x08000250                TIM8_CC_IRQHandler
                0x08000250                TIM1_CC_IRQHandler
                0x08000250                TIM6_IRQHandler
                0x08000250                PVD_IRQHandler
                0x08000250                SDIO_IRQHandler
                0x08000250                CAN2_RX1_IRQHandler
                0x08000250                EXTI3_IRQHandler
                0x08000250                TIM8_TRG_COM_TIM14_IRQHandler
                0x08000250                TIM1_UP_TIM10_IRQHandler
                0x08000250                TIM8_UP_TIM13_IRQHandler
                0x08000250                EXTI0_IRQHandler
                0x08000250                I2C2_EV_IRQHandler
                0x08000250                CAN1_RX0_IRQHandler
                0x08000250                TIM1_UP_TIM16_IRQHandler
                0x08000250                CAN2_SCE_IRQHandler
                0x08000250                ADC1_2_IRQHandler
                0x08000250                SPI1_IRQHandler
                0x08000250                TAMPER_IRQHandler
                0x08000250                TIM6_DAC_IRQHandler
                0x08000250                TIM1_BRK_TIM9_IRQHandler
                0x08000250                CAN2_RX0_IRQHandler
                0x08000250                TIM8_UP_IRQHandler
                0x08000250                DMA2_Channel2_IRQHandler
                0x08000250                DMA1_Channel4_IRQHandler
                0x08000250                USART3_IRQHandler
                0x08000250                RTC_IRQHandler
                0x08000250                DMA1_Channel7_IRQHandler
                0x08000250                CAN1_RX1_IRQHandler
                0x08000250                UART5_IRQHandler
                0x08000250                ADC3_IRQHandler
                0x08000250                TIM4_IRQHandler
                0x08000250                DMA2_Channel1_IRQHandler
                0x08000250                I2C1_EV_IRQHandler
                0x08000250                DMA1_Channel6_IRQHandler
                0x08000250                UART4_IRQHandler
                0x08000250                DMA2_Channel4_IRQHandler
                0x08000250                TIM3_IRQHandler
                0x08000250                RCC_IRQHandler
                0x08000250                TIM8_BRK_TIM12_IRQHandler
                0x08000250                TIM1_TRG_COM_IRQHandler
                0x08000250                DMA1_Channel1_IRQHandler
                0x08000250                Default_Handler
                0x08000250                CEC_IRQHandler
                0x08000250                EXTI15_10_IRQHandler
                0x08000250                TIM14_IRQHandler
                0x08000250                TIM13_IRQHandler
                0x08000250                TIM12_IRQHandler
                0x08000250                TIM7_IRQHandler
                0x08000250                CAN2_TX_IRQHandler
                0x08000250                TIM5_IRQHandler
                0x08000250                EXTI9_5_IRQHandler
                0x08000250                ETH_WKUP_IRQHandler
                0x08000250                SPI2_IRQHandler
                0x08000250                CAN1_TX_IRQHandler
                0x08000250                DMA2_Channel5_IRQHandler
                0x08000250                DMA1_Channel5_IRQHandler
                0x08000250                EXTI4_IRQHandler
                0x08000250                USB_LP_CAN1_RX0_IRQHandler
                0x08000250                TIM1_TRG_COM_TIM17_IRQHandler
                0x08000250                USB_HP_CAN1_TX_IRQHandler
                0x08000250                DMA1_Channel3_IRQHandler
                0x08000250                FSMC_IRQHandler
                0x08000250                ETH_IRQHandler
                0x08000250                TIM1_UP_IRQHandler
                0x08000250                WWDG_IRQHandler
                0x08000250                TIM2_IRQHandler
                0x08000250                OTG_FS_WKUP_IRQHandler
                0x08000250                TIM1_TRG_COM_TIM11_IRQHandler
                0x08000250                TIM1_BRK_IRQHandler
                0x08000250                EXTI1_IRQHandler
                0x08000250                RTCAlarm_IRQHandler
                0x08000250                DMA2_Channel4_5_IRQHandler
                0x08000250                USART2_IRQHandler
                0x08000250                I2C2_ER_IRQHandler
                0x08000250                DMA1_Channel2_IRQHandler
                0x08000250                TIM8_BRK_IRQHandler
                0x08000250                CAN1_SCE_IRQHandler
                0x08000250                FLASH_IRQHandler
                0x08000250                USART1_IRQHandler
                0x08000250                OTG_FS_IRQHandler
                0x08000250                SPI3_IRQHandler
                0x08000250                I2C1_ER_IRQHandler
                0x08000250                USBWakeUp_IRQHandler
                0x08000250                DMA2_Channel3_IRQHandler
                0x08000250                TIM1_BRK_TIM15_IRQHandler

.inits          0x08000254       0x28
                0x08000254                __data_regions_array_start = .
                0x08000254        0x4 LONG 0x80005e0 LOADADDR (.data)
                0x08000258        0x4 LONG 0x20000000 ADDR (.data)
                0x0800025c        0x4 LONG 0x2000001c (ADDR (.data) + SIZEOF (.data))
                0x08000260        0x4 LONG 0x80005e0 LOADADDR (.data_CCMRAM)
                0x08000264        0x4 LONG 0x0 ADDR (.data_CCMRAM)
                0x08000268        0x4 LONG 0x0 (ADDR (.data_CCMRAM) + SIZEOF (.data_CCMRAM))
                0x0800026c                __data_regions_array_end = .
                0x0800026c                __bss_regions_array_start = .
                0x0800026c        0x4 LONG 0x2000001c ADDR (.bss)
                0x08000270        0x4 LONG 0x20000024 (ADDR (.bss) + SIZEOF (.bss))
                0x08000274        0x4 LONG 0x0 ADDR (.bss_CCMRAM)
                0x08000278        0x4 LONG 0x0 (ADDR (.bss_CCMRAM) + SIZEOF (.bss_CCMRAM))
                0x0800027c                __bss_regions_array_end = .
 *(.init)
 *(.fini)
                0x0800027c                . = ALIGN (0x4)
                0x0800027c                PROVIDE (__preinit_array_start, .)
 *(.preinit_array_sysinit .preinit_array_sysinit.*)
 *(.preinit_array_platform .preinit_array_platform.*)
 *(.preinit_array .preinit_array.*)
                0x0800027c                PROVIDE (__preinit_array_end, .)
                0x0800027c                . = ALIGN (0x4)
                0x0800027c                PROVIDE (__init_array_start, .)
 *(SORT(.init_array.*))
 *(.init_array)
                0x0800027c                PROVIDE (__init_array_end, .)
                0x0800027c                . = ALIGN (0x4)
                0x0800027c                PROVIDE (__fini_array_start, .)
 *(SORT(.fini_array.*))
 *(.fini_array)
                0x0800027c                PROVIDE (__fini_array_end, .)

.flashtext
 *(.flashtext .flashtext.*)

.text           0x0800027c      0x364
 *(.text .text.*)
 .text.GPIO_Init
                0x0800027c       0xa4 ./system/src/stm32f1-stdperiph/stm32f10x_gpio.o
                0x0800027c                GPIO_Init
 .text.GPIO_SetBits
                0x08000320        0x4 ./system/src/stm32f1-stdperiph/stm32f10x_gpio.o
                0x08000320                GPIO_SetBits
 .text.GPIO_ResetBits
                0x08000324        0x4 ./system/src/stm32f1-stdperiph/stm32f10x_gpio.o
                0x08000324                GPIO_ResetBits
 .text.RCC_APB2PeriphClockCmd
                0x08000328       0x18 ./system/src/stm32f1-stdperiph/stm32f10x_rcc.o
                0x08000328                RCC_APB2PeriphClockCmd
 .text._exit    0x08000340        0x6 ./system/src/newlib/_exit.o
                0x08000340                _exit
 *fill*         0x08000346        0x2 
 .text.__initialize_args
                0x08000348       0x10 ./system/src/newlib/_syscalls.o
                0x08000348                __initialize_args
 .text.__initialize_hardware_early
                0x08000358       0x18 ./system/src/cortexm/_initialize_hardware.o
                0x08000358                __initialize_hardware_early
 .text.__initialize_hardware
                0x08000370        0x4 ./system/src/cortexm/_initialize_hardware.o
                0x08000370                __initialize_hardware
 .text.__reset_hardware
                0x08000374       0x24 ./system/src/cortexm/_reset_hardware.o
                0x08000374                __reset_hardware
 .text.isSemihosting
                0x08000398       0x1c ./system/src/cortexm/exception_handlers.o
                0x08000398                isSemihosting
 .text.SystemInit
                0x080003b4       0xf0 ./system/src/cmsis/system_stm32f10x.o
                0x080003b4                SystemInit
 .text.SystemCoreClockUpdate
                0x080004a4       0x6c ./system/src/cmsis/system_stm32f10x.o
                0x080004a4                SystemCoreClockUpdate
 .text._ZN8BlinkLed7powerUpEv
                0x08000510       0x38 ./src/BlinkLed.o
                0x08000510                BlinkLed::powerUp()
 .text._ZN5Timer5sleepEm
                0x08000548       0x10 ./src/Timer.o
                0x08000548                Timer::sleep(unsigned long)
 .text.SysTick_Handler
                0x08000558       0x14 ./src/Timer.o
                0x08000558                SysTick_Handler
 .text.startup.main
                0x0800056c       0x74 ./src/main.o
                0x0800056c                main
 *(.rodata .rodata.* .constdata .constdata.*)
 *(vtable)
 *(.eh_frame*)
 *(.glue_7)
 .glue_7        0x080005e0        0x0 linker stubs
 *(.glue_7t)
 .glue_7t       0x080005e0        0x0 linker stubs

.vfp11_veneer   0x080005e0        0x0
 .vfp11_veneer  0x080005e0        0x0 linker stubs

.v4_bx          0x080005e0        0x0
 .v4_bx         0x080005e0        0x0 linker stubs

.iplt           0x080005e0        0x0
 .iplt          0x080005e0        0x0 ./system/src/stm32f1-stdperiph/misc.o

.rel.dyn        0x080005e0        0x0
 .rel.iplt      0x080005e0        0x0 ./system/src/stm32f1-stdperiph/misc.o

.ARM.extab
 *(.ARM.extab* .gnu.linkonce.armextab.*)
                0x080005e0                . = ALIGN (0x4)
                0x080005e0                __exidx_start = .

.ARM.exidx
 *(.ARM.exidx* .gnu.linkonce.armexidx.*)
                0x080005e0                __exidx_end = .
                0x080005e0                . = ALIGN (0x4)
                0x080005e0                _etext = .
                0x080005e0                __etext = .

.data_CCMRAM    0x00000000        0x0 load address 0x080005e0
 FILL mask 0xff
 *(.data.CCMRAM .data.CCMRAM.*)
                0x00000000                . = ALIGN (0x4)
                0x080005e0                _sidata = LOADADDR (.data)

.data           0x20000000       0x1c load address 0x080005e0
 FILL mask 0xff
                0x20000000                _sdata = .
                0x20000000                __data_start__ = .
 *(.data_begin .data_begin.*)
 *(.data .data.*)
 .data.argv.4263
                0x20000000        0x8 ./system/src/newlib/_syscalls.o
 .data.AHBPrescTable
                0x20000008       0x10 ./system/src/cmsis/system_stm32f10x.o
                0x20000008                AHBPrescTable
 .data.SystemCoreClock
                0x20000018        0x4 ./system/src/cmsis/system_stm32f10x.o
                0x20000018                SystemCoreClock
 *(.data_end .data_end.*)
                0x2000001c                . = ALIGN (0x4)
                0x2000001c                _edata = .
                0x2000001c                __data_end__ = .

.igot.plt       0x2000001c        0x0 load address 0x080005fc
 .igot.plt      0x2000001c        0x0 ./system/src/stm32f1-stdperiph/misc.o

.bss_CCMRAM     0x00000000        0x0
 *(.bss.CCMRAM .bss.CCMRAM.*)

.bss            0x2000001c        0x8
                0x2000001c                __bss_start__ = .
                0x2000001c                _sbss = .
 *(.bss_begin .bss_begin.*)
 *(.bss .bss.*)
 .bss.name.4262
                0x2000001c        0x1 ./system/src/newlib/_syscalls.o
 *fill*         0x2000001d        0x3 
 .bss._ZN5Timer13ms_delayCountE
                0x20000020        0x4 ./src/Timer.o
                0x20000020                Timer::ms_delayCount
 *(COMMON)
 *(.bss_end .bss_end.*)
                0x20000024                . = ALIGN (0x4)
                0x20000024                __bss_end__ = .
                0x20000024                _ebss = .

.noinit_CCMRAM
 *(.noinit.CCMRAM .noinit.CCMRAM.*)

.noinit         0x20000024        0x0
                0x20000024                _noinit = .
 *(.noinit .noinit.*)
                0x20000024                . = ALIGN (0x4)
                0x20000024                _end_noinit = .
                [!provide]                PROVIDE (end, _end_noinit)
                [!provide]                PROVIDE (_end, _end_noinit)
                [!provide]                PROVIDE (__end, _end_noinit)
                [!provide]                PROVIDE (__end__, _end_noinit)

._check_stack   0x20000024      0x100
                0x20000124                . = (. + _Minimum_Stack_Size)
 *fill*         0x20000024      0x100 

.b1text
 *(.b1text)
 *(.b1rodata)
 *(.b1rodata.*)

.eb0text
 *(.eb0text)
 *(.eb0rodata)
 *(.eb0rodata.*)

.eb1text
 *(.eb1text)
 *(.eb1rodata)
 *(.eb1rodata.*)

.eb2text
 *(.eb2text)
 *(.eb2rodata)
 *(.eb2rodata.*)

.eb3text
 *(.eb3text)
 *(.eb3rodata)
 *(.eb3rodata.*)

.stab
 *(.stab)

.stabstr
 *(.stabstr)

.stab.excl
 *(.stab.excl)

.stab.exclstr
 *(.stab.exclstr)

.stab.index
 *(.stab.index)

.stab.indexstr
 *(.stab.indexstr)

.comment        0x00000000       0x7f
 *(.comment)
 .comment       0x00000000       0x7f ./system/src/stm32f1-stdperiph/stm32f10x_gpio.o
                                 0x80 (size before relaxing)
 .comment       0x0000007f       0x80 ./system/src/stm32f1-stdperiph/stm32f10x_rcc.o
 .comment       0x0000007f       0x80 ./system/src/newlib/_exit.o
 .comment       0x0000007f       0x80 ./system/src/newlib/_startup.o
 .comment       0x0000007f       0x80 ./system/src/newlib/_syscalls.o
 .comment       0x0000007f       0x80 ./system/src/cortexm/_initialize_hardware.o
 .comment       0x0000007f       0x80 ./system/src/cortexm/_reset_hardware.o
 .comment       0x0000007f       0x80 ./system/src/cortexm/exception_handlers.o
 .comment       0x0000007f       0x80 ./system/src/cmsis/system_stm32f10x.o
 .comment       0x0000007f       0x80 ./system/src/cmsis/vectors_stm32f10x.o
 .comment       0x0000007f       0x80 ./src/BlinkLed.o
 .comment       0x0000007f       0x80 ./src/Timer.o
 .comment       0x0000007f       0x80 ./src/main.o

.ARM.attributes
                0x00000000       0x33
 .ARM.attributes
                0x00000000       0x33 ./system/src/stm32f1-stdperiph/stm32f10x_gpio.o
 .ARM.attributes
                0x00000033       0x33 ./system/src/stm32f1-stdperiph/stm32f10x_rcc.o
 .ARM.attributes
                0x00000066       0x33 ./system/src/newlib/_exit.o
 .ARM.attributes
                0x00000099       0x33 ./system/src/newlib/_startup.o
 .ARM.attributes
                0x000000cc       0x33 ./system/src/newlib/_syscalls.o
 .ARM.attributes
                0x000000ff       0x33 ./system/src/cortexm/_initialize_hardware.o
 .ARM.attributes
                0x00000132       0x33 ./system/src/cortexm/_reset_hardware.o
 .ARM.attributes
                0x00000165       0x33 ./system/src/cortexm/exception_handlers.o
 .ARM.attributes
                0x00000198       0x33 ./system/src/cmsis/system_stm32f10x.o
 .ARM.attributes
                0x000001cb       0x33 ./system/src/cmsis/vectors_stm32f10x.o
 .ARM.attributes
                0x000001fe       0x33 ./src/BlinkLed.o
 .ARM.attributes
                0x00000231       0x33 ./src/Timer.o
 .ARM.attributes
                0x00000264       0x33 ./src/main.o

.debug
 *(.debug)

.line
 *(.line)

.debug_srcinfo
 *(.debug_srcinfo)

.debug_sfnames
 *(.debug_sfnames)

.debug_aranges  0x00000000      0x3d8
 *(.debug_aranges)
 .debug_aranges
                0x00000000       0xa8 ./system/src/stm32f1-stdperiph/stm32f10x_gpio.o
 .debug_aranges
                0x000000a8      0x118 ./system/src/stm32f1-stdperiph/stm32f10x_rcc.o
 .debug_aranges
                0x000001c0       0x28 ./system/src/newlib/_exit.o
 .debug_aranges
                0x000001e8       0x40 ./system/src/newlib/_startup.o
 .debug_aranges
                0x00000228       0x30 ./system/src/newlib/_syscalls.o
 .debug_aranges
                0x00000258       0x28 ./system/src/cortexm/_initialize_hardware.o
 .debug_aranges
                0x00000280       0x20 ./system/src/cortexm/_reset_hardware.o
 .debug_aranges
                0x000002a0       0x88 ./system/src/cortexm/exception_handlers.o
 .debug_aranges
                0x00000328       0x28 ./system/src/cmsis/system_stm32f10x.o
 .debug_aranges
                0x00000350       0x20 ./system/src/cmsis/vectors_stm32f10x.o
 .debug_aranges
                0x00000370       0x20 ./src/BlinkLed.o
 .debug_aranges
                0x00000390       0x28 ./src/Timer.o
 .debug_aranges
                0x000003b8       0x20 ./src/main.o

.debug_pubnames
 *(.debug_pubnames)

.debug_info     0x00000000     0x5e3b
 *(.debug_info .gnu.linkonce.wi.*)
 .debug_info    0x00000000      0x7cc ./system/src/stm32f1-stdperiph/stm32f10x_gpio.o
 .debug_info    0x000007cc      0x8b8 ./system/src/stm32f1-stdperiph/stm32f10x_rcc.o
 .debug_info    0x00001084      0x967 ./system/src/newlib/_exit.o
 .debug_info    0x000019eb      0x3d0 ./system/src/newlib/_startup.o
 .debug_info    0x00001dbb      0xa1c ./system/src/newlib/_syscalls.o
 .debug_info    0x000027d7      0x2b8 ./system/src/cortexm/_initialize_hardware.o
 .debug_info    0x00002a8f      0x2ca ./system/src/cortexm/_reset_hardware.o
 .debug_info    0x00002d59      0xdc1 ./system/src/cortexm/exception_handlers.o
 .debug_info    0x00003b1a      0x49f ./system/src/cmsis/system_stm32f10x.o
 .debug_info    0x00003fb9       0xcd ./system/src/cmsis/vectors_stm32f10x.o
 .debug_info    0x00004086      0x364 ./src/BlinkLed.o
 .debug_info    0x000043ea      0x1a0 ./src/Timer.o
 .debug_info    0x0000458a     0x18b1 ./src/main.o

.debug_abbrev   0x00000000     0x194d
 *(.debug_abbrev)
 .debug_abbrev  0x00000000      0x21c ./system/src/stm32f1-stdperiph/stm32f10x_gpio.o
 .debug_abbrev  0x0000021c      0x1f5 ./system/src/stm32f1-stdperiph/stm32f10x_rcc.o
 .debug_abbrev  0x00000411      0x210 ./system/src/newlib/_exit.o
 .debug_abbrev  0x00000621      0x184 ./system/src/newlib/_startup.o
 .debug_abbrev  0x000007a5      0x231 ./system/src/newlib/_syscalls.o
 .debug_abbrev  0x000009d6       0xf5 ./system/src/cortexm/_initialize_hardware.o
 .debug_abbrev  0x00000acb      0x10d ./system/src/cortexm/_reset_hardware.o
 .debug_abbrev  0x00000bd8      0x2b7 ./system/src/cortexm/exception_handlers.o
 .debug_abbrev  0x00000e8f      0x18c ./system/src/cmsis/system_stm32f10x.o
 .debug_abbrev  0x0000101b       0x9a ./system/src/cmsis/vectors_stm32f10x.o
 .debug_abbrev  0x000010b5      0x1ef ./src/BlinkLed.o
 .debug_abbrev  0x000012a4      0x180 ./src/Timer.o
 .debug_abbrev  0x00001424      0x529 ./src/main.o

.debug_line     0x00000000     0x191a
 *(.debug_line)
 .debug_line    0x00000000      0x32e ./system/src/stm32f1-stdperiph/stm32f10x_gpio.o
 .debug_line    0x0000032e      0x401 ./system/src/stm32f1-stdperiph/stm32f10x_rcc.o
 .debug_line    0x0000072f      0x1d5 ./system/src/newlib/_exit.o
 .debug_line    0x00000904      0x10d ./system/src/newlib/_startup.o
 .debug_line    0x00000a11      0x1ee ./system/src/newlib/_syscalls.o
 .debug_line    0x00000bff      0x11e ./system/src/cortexm/_initialize_hardware.o
 .debug_line    0x00000d1d      0x12d ./system/src/cortexm/_reset_hardware.o
 .debug_line    0x00000e4a      0x246 ./system/src/cortexm/exception_handlers.o
 .debug_line    0x00001090      0x16f ./system/src/cmsis/system_stm32f10x.o
 .debug_line    0x000011ff       0x58 ./system/src/cmsis/vectors_stm32f10x.o
 .debug_line    0x00001257      0x178 ./src/BlinkLed.o
 .debug_line    0x000013cf      0x11b ./src/Timer.o
 .debug_line    0x000014ea      0x430 ./src/main.o

.debug_frame    0x00000000      0x6d4
 *(.debug_frame)
 .debug_frame   0x00000000      0x170 ./system/src/stm32f1-stdperiph/stm32f10x_gpio.o
 .debug_frame   0x00000170      0x220 ./system/src/stm32f1-stdperiph/stm32f10x_rcc.o
 .debug_frame   0x00000390       0x40 ./system/src/newlib/_exit.o
 .debug_frame   0x000003d0       0x80 ./system/src/newlib/_startup.o
 .debug_frame   0x00000450       0x50 ./system/src/newlib/_syscalls.o
 .debug_frame   0x000004a0       0x38 ./system/src/cortexm/_initialize_hardware.o
 .debug_frame   0x000004d8       0x20 ./system/src/cortexm/_reset_hardware.o
 .debug_frame   0x000004f8       0xf8 ./system/src/cortexm/exception_handlers.o
 .debug_frame   0x000005f0       0x3c ./system/src/cmsis/system_stm32f10x.o
 .debug_frame   0x0000062c       0x20 ./system/src/cmsis/vectors_stm32f10x.o
 .debug_frame   0x0000064c       0x2c ./src/BlinkLed.o
 .debug_frame   0x00000678       0x30 ./src/Timer.o
 .debug_frame   0x000006a8       0x2c ./src/main.o

.debug_str      0x00000000     0x1c9c
 *(.debug_str)
 .debug_str     0x00000000      0x50e ./system/src/stm32f1-stdperiph/stm32f10x_gpio.o
                                0x5ac (size before relaxing)
 .debug_str     0x0000050e      0x424 ./system/src/stm32f1-stdperiph/stm32f10x_rcc.o
                                0x696 (size before relaxing)
 .debug_str     0x00000932      0x426 ./system/src/newlib/_exit.o
                                0x616 (size before relaxing)
 .debug_str     0x00000d58      0x16d ./system/src/newlib/_startup.o
                                0x348 (size before relaxing)
 .debug_str     0x00000ec5       0x8a ./system/src/newlib/_syscalls.o
                                0x647 (size before relaxing)
 .debug_str     0x00000f4f       0xa9 ./system/src/cortexm/_initialize_hardware.o
                                0x2cc (size before relaxing)
 .debug_str     0x00000ff8       0x45 ./system/src/cortexm/_reset_hardware.o
                                0x292 (size before relaxing)
 .debug_str     0x0000103d      0x39f ./system/src/cortexm/exception_handlers.o
                                0x9fe (size before relaxing)
 .debug_str     0x000013dc       0x67 ./system/src/cmsis/system_stm32f10x.o
                                0x350 (size before relaxing)
 .debug_str     0x00001443       0x57 ./system/src/cmsis/vectors_stm32f10x.o
                                0x1ff (size before relaxing)
 .debug_str     0x0000149a      0x21d ./src/BlinkLed.o
                                0x49f (size before relaxing)
 .debug_str     0x000016b7       0xa8 ./src/Timer.o
                                0x2ee (size before relaxing)
 .debug_str     0x0000175f      0x53d ./src/main.o
                                0xdb0 (size before relaxing)

.debug_loc      0x00000000     0x105f
 *(.debug_loc)
 .debug_loc     0x00000000      0x520 ./system/src/stm32f1-stdperiph/stm32f10x_gpio.o
 .debug_loc     0x00000520      0x6c3 ./system/src/stm32f1-stdperiph/stm32f10x_rcc.o
 .debug_loc     0x00000be3       0x21 ./system/src/newlib/_exit.o
 .debug_loc     0x00000c04      0x148 ./system/src/newlib/_startup.o
 .debug_loc     0x00000d4c       0x63 ./system/src/newlib/_syscalls.o
 .debug_loc     0x00000daf       0xd4 ./system/src/cortexm/exception_handlers.o
 .debug_loc     0x00000e83       0xbc ./system/src/cmsis/system_stm32f10x.o
 .debug_loc     0x00000f3f       0x37 ./src/BlinkLed.o
 .debug_loc     0x00000f76       0xe9 ./src/main.o

.debug_macinfo
 *(.debug_macinfo)

.debug_weaknames
 *(.debug_weaknames)

.debug_funcnames
 *(.debug_funcnames)

.debug_typenames
 *(.debug_typenames)

.debug_varnames
 *(.debug_varnames)
OUTPUT(STM32_CMSIS.elf elf32-littlearm)

.debug_ranges   0x00000000      0x3c0
 .debug_ranges  0x00000000       0x98 ./system/src/stm32f1-stdperiph/stm32f10x_gpio.o
 .debug_ranges  0x00000098      0x108 ./system/src/stm32f1-stdperiph/stm32f10x_rcc.o
 .debug_ranges  0x000001a0       0x18 ./system/src/newlib/_exit.o
 .debug_ranges  0x000001b8       0xa0 ./system/src/newlib/_startup.o
 .debug_ranges  0x00000258       0x20 ./system/src/newlib/_syscalls.o
 .debug_ranges  0x00000278       0x18 ./system/src/cortexm/_initialize_hardware.o
 .debug_ranges  0x00000290       0x10 ./system/src/cortexm/_reset_hardware.o
 .debug_ranges  0x000002a0       0x78 ./system/src/cortexm/exception_handlers.o
 .debug_ranges  0x00000318       0x30 ./system/src/cmsis/system_stm32f10x.o
 .debug_ranges  0x00000348       0x10 ./system/src/cmsis/vectors_stm32f10x.o
 .debug_ranges  0x00000358       0x10 ./src/BlinkLed.o
 .debug_ranges  0x00000368       0x18 ./src/Timer.o
 .debug_ranges  0x00000380       0x40 ./src/main.o
